  Determining projects to restore...
  All projects are up-to-date for restore.
/Users/politom/Documents/Workspace/personal/OpenXmlPowerTools/DocumentAssembler/DocumentAssemblerSdk/Utilities/RevisionProcessor.cs(2419,37): warning CS8604: Possible null reference argument for parameter 'contentContext' in 'void RevisionAccepterExtensions.InitializeParagraphInfo(XElement contentContext)'. [/Users/politom/Documents/Workspace/personal/OpenXmlPowerTools/DocumentAssembler/DocumentAssemblerSdk/DocumentAssemblerSdk.csproj]
/Users/politom/Documents/Workspace/personal/OpenXmlPowerTools/DocumentAssembler/DocumentAssemblerSdk/Utilities/RevisionProcessor.cs(2420,20): warning CS8603: Possible null reference return. [/Users/politom/Documents/Workspace/personal/OpenXmlPowerTools/DocumentAssembler/DocumentAssemblerSdk/DocumentAssemblerSdk.csproj]
/Users/politom/Documents/Workspace/personal/OpenXmlPowerTools/DocumentAssembler/DocumentAssemblerSdk/Utilities/UnicodeMapper.cs(288,37): warning CS8602: Dereference of a possibly null reference. [/Users/politom/Documents/Workspace/personal/OpenXmlPowerTools/DocumentAssembler/DocumentAssemblerSdk/DocumentAssemblerSdk.csproj]
/Users/politom/Documents/Workspace/personal/OpenXmlPowerTools/DocumentAssembler/DocumentAssemblerSdk/Utilities/UnicodeMapper.cs(290,66): warning CS8600: Converting null literal or possible null value to non-nullable type. [/Users/politom/Documents/Workspace/personal/OpenXmlPowerTools/DocumentAssembler/DocumentAssemblerSdk/DocumentAssemblerSdk.csproj]
/Users/politom/Documents/Workspace/personal/OpenXmlPowerTools/DocumentAssembler/DocumentAssemblerSdk/Utilities/UnicodeMapper.cs(290,45): warning CS8620: Argument of type 'IEnumerable<string?>' cannot be used for parameter 'source' of type 'IEnumerable<string>' in 'string PtExtensions.StringConcatenate(IEnumerable<string> source)' due to differences in the nullability of reference types. [/Users/politom/Documents/Workspace/personal/OpenXmlPowerTools/DocumentAssembler/DocumentAssemblerSdk/DocumentAssemblerSdk.csproj]
/Users/politom/Documents/Workspace/personal/OpenXmlPowerTools/DocumentAssembler/DocumentAssemblerSdk/Utilities/RevisionProcessor.cs(29,36): warning CS8604: Possible null reference argument for parameter 'part' in 'void RevisionProcessor.RejectRevisionsForPart(OpenXmlPart part)'. [/Users/politom/Documents/Workspace/personal/OpenXmlPowerTools/DocumentAssembler/DocumentAssemblerSdk/DocumentAssemblerSdk.csproj]
/Users/politom/Documents/Workspace/personal/OpenXmlPowerTools/DocumentAssembler/DocumentAssemblerSdk/Utilities/PtOpenXmlUtil.cs(305,46): warning CS8600: Converting null literal or possible null value to non-nullable type. [/Users/politom/Documents/Workspace/personal/OpenXmlPowerTools/DocumentAssembler/DocumentAssemblerSdk/DocumentAssemblerSdk.csproj]
/Users/politom/Documents/Workspace/personal/OpenXmlPowerTools/DocumentAssembler/DocumentAssemblerSdk/Utilities/PtOpenXmlUtil.cs(310,42): warning CS8600: Converting null literal or possible null value to non-nullable type. [/Users/politom/Documents/Workspace/personal/OpenXmlPowerTools/DocumentAssembler/DocumentAssemblerSdk/DocumentAssemblerSdk.csproj]
/Users/politom/Documents/Workspace/personal/OpenXmlPowerTools/DocumentAssembler/DocumentAssemblerSdk/Utilities/PtOpenXmlUtil.cs(332,46): warning CS8600: Converting null literal or possible null value to non-nullable type. [/Users/politom/Documents/Workspace/personal/OpenXmlPowerTools/DocumentAssembler/DocumentAssemblerSdk/DocumentAssemblerSdk.csproj]
/Users/politom/Documents/Workspace/personal/OpenXmlPowerTools/DocumentAssembler/DocumentAssemblerSdk/Utilities/RevisionProcessor.cs(87,59): warning CS8604: Possible null reference argument for parameter 'node' in 'object? RevisionProcessor.RejectRevisionsForPartTransform(XNode node)'. [/Users/politom/Documents/Workspace/personal/OpenXmlPowerTools/DocumentAssembler/DocumentAssemblerSdk/DocumentAssemblerSdk.csproj]
/Users/politom/Documents/Workspace/personal/OpenXmlPowerTools/DocumentAssembler/DocumentAssemblerSdk/Utilities/PtOpenXmlUtil.cs(453,42): warning CS8604: Possible null reference argument for parameter 'fileName' in 'WmlDocument.WmlDocument(string fileName, byte[] byteArray)'. [/Users/politom/Documents/Workspace/personal/OpenXmlPowerTools/DocumentAssembler/DocumentAssemblerSdk/DocumentAssemblerSdk.csproj]
/Users/politom/Documents/Workspace/personal/OpenXmlPowerTools/DocumentAssembler/DocumentAssemblerSdk/Utilities/PtOpenXmlUtil.cs(231,56): warning CS8625: Cannot convert null literal to non-nullable reference type. [/Users/politom/Documents/Workspace/personal/OpenXmlPowerTools/DocumentAssembler/DocumentAssemblerSdk/DocumentAssemblerSdk.csproj]
/Users/politom/Documents/Workspace/personal/OpenXmlPowerTools/DocumentAssembler/DocumentAssemblerSdk/Utilities/PtUtil.cs(115,26): warning CS8602: Dereference of a possibly null reference. [/Users/politom/Documents/Workspace/personal/OpenXmlPowerTools/DocumentAssembler/DocumentAssemblerSdk/DocumentAssemblerSdk.csproj]
/Users/politom/Documents/Workspace/personal/OpenXmlPowerTools/DocumentAssembler/DocumentAssemblerSdk/Utilities/PtUtil.cs(117,79): warning CS8604: Possible null reference argument for parameter 'key' in 'GroupOfAdjacent<TSource, TKey>.GroupOfAdjacent(List<TSource> source, TKey key)'. [/Users/politom/Documents/Workspace/personal/OpenXmlPowerTools/DocumentAssembler/DocumentAssemblerSdk/DocumentAssemblerSdk.csproj]
/Users/politom/Documents/Workspace/personal/OpenXmlPowerTools/DocumentAssembler/DocumentAssemblerSdk/Utilities/PtUtil.cs(137,71): warning CS8604: Possible null reference argument for parameter 'key' in 'GroupOfAdjacent<TSource, TKey>.GroupOfAdjacent(List<TSource> source, TKey key)'. [/Users/politom/Documents/Workspace/personal/OpenXmlPowerTools/DocumentAssembler/DocumentAssemblerSdk/DocumentAssemblerSdk.csproj]
/Users/politom/Documents/Workspace/personal/OpenXmlPowerTools/DocumentAssembler/DocumentAssemblerSdk/Utilities/PtUtil.cs(146,90): warning CS8601: Possible null reference assignment. [/Users/politom/Documents/Workspace/personal/OpenXmlPowerTools/DocumentAssembler/DocumentAssemblerSdk/DocumentAssemblerSdk.csproj]
/Users/politom/Documents/Workspace/personal/OpenXmlPowerTools/DocumentAssembler/DocumentAssemblerSdk/Utilities/RevisionProcessor.cs(108,31): warning CS8602: Dereference of a possibly null reference. [/Users/politom/Documents/Workspace/personal/OpenXmlPowerTools/DocumentAssembler/DocumentAssemblerSdk/DocumentAssemblerSdk.csproj]
/Users/politom/Documents/Workspace/personal/OpenXmlPowerTools/DocumentAssembler/DocumentAssemblerSdk/Utilities/RevisionProcessor.cs(115,65): warning CS8604: Possible null reference argument for parameter 'node' in 'object? RevisionProcessor.RejectRevisionsForPartTransform(XNode node)'. [/Users/politom/Documents/Workspace/personal/OpenXmlPowerTools/DocumentAssembler/DocumentAssemblerSdk/DocumentAssemblerSdk.csproj]
/Users/politom/Documents/Workspace/personal/OpenXmlPowerTools/DocumentAssembler/DocumentAssemblerSdk/Utilities/RevisionProcessor.cs(124,35): warning CS8602: Dereference of a possibly null reference. [/Users/politom/Documents/Workspace/personal/OpenXmlPowerTools/DocumentAssembler/DocumentAssemblerSdk/DocumentAssemblerSdk.csproj]
/Users/politom/Documents/Workspace/personal/OpenXmlPowerTools/DocumentAssembler/DocumentAssemblerSdk/Utilities/RevisionProcessor.cs(125,60): warning CS8604: Possible null reference argument for parameter 'node' in 'object? RevisionProcessor.RejectRevisionsForPartTransform(XNode node)'. [/Users/politom/Documents/Workspace/personal/OpenXmlPowerTools/DocumentAssembler/DocumentAssemblerSdk/DocumentAssemblerSdk.csproj]
/Users/politom/Documents/Workspace/personal/OpenXmlPowerTools/DocumentAssembler/DocumentAssemblerSdk/Utilities/RevisionProcessor.cs(140,37): warning CS8602: Dereference of a possibly null reference. [/Users/politom/Documents/Workspace/personal/OpenXmlPowerTools/DocumentAssembler/DocumentAssemblerSdk/DocumentAssemblerSdk.csproj]
/Users/politom/Documents/Workspace/personal/OpenXmlPowerTools/DocumentAssembler/DocumentAssemblerSdk/Utilities/RevisionProcessor.cs(141,60): warning CS8604: Possible null reference argument for parameter 'node' in 'object? RevisionProcessor.RejectRevisionsForPartTransform(XNode node)'. [/Users/politom/Documents/Workspace/personal/OpenXmlPowerTools/DocumentAssembler/DocumentAssemblerSdk/DocumentAssemblerSdk.csproj]
/Users/politom/Documents/Workspace/personal/OpenXmlPowerTools/DocumentAssembler/DocumentAssemblerSdk/Utilities/RevisionProcessor.cs(149,38): warning CS8602: Dereference of a possibly null reference. [/Users/politom/Documents/Workspace/personal/OpenXmlPowerTools/DocumentAssembler/DocumentAssemblerSdk/DocumentAssemblerSdk.csproj]
/Users/politom/Documents/Workspace/personal/OpenXmlPowerTools/DocumentAssembler/DocumentAssemblerSdk/Utilities/RevisionProcessor.cs(150,60): warning CS8604: Possible null reference argument for parameter 'node' in 'object? RevisionProcessor.RejectRevisionsForPartTransform(XNode node)'. [/Users/politom/Documents/Workspace/personal/OpenXmlPowerTools/DocumentAssembler/DocumentAssemblerSdk/DocumentAssemblerSdk.csproj]
/Users/politom/Documents/Workspace/personal/OpenXmlPowerTools/DocumentAssembler/DocumentAssemblerSdk/Utilities/RevisionProcessor.cs(158,35): warning CS8602: Dereference of a possibly null reference. [/Users/politom/Documents/Workspace/personal/OpenXmlPowerTools/DocumentAssembler/DocumentAssemblerSdk/DocumentAssemblerSdk.csproj]
/Users/politom/Documents/Workspace/personal/OpenXmlPowerTools/DocumentAssembler/DocumentAssemblerSdk/Utilities/RevisionProcessor.cs(159,60): warning CS8604: Possible null reference argument for parameter 'node' in 'object? RevisionProcessor.RejectRevisionsForPartTransform(XNode node)'. [/Users/politom/Documents/Workspace/personal/OpenXmlPowerTools/DocumentAssembler/DocumentAssemblerSdk/DocumentAssemblerSdk.csproj]
/Users/politom/Documents/Workspace/personal/OpenXmlPowerTools/DocumentAssembler/DocumentAssemblerSdk/Utilities/RevisionProcessor.cs(166,35): warning CS8602: Dereference of a possibly null reference. [/Users/politom/Documents/Workspace/personal/OpenXmlPowerTools/DocumentAssembler/DocumentAssemblerSdk/DocumentAssemblerSdk.csproj]
/Users/politom/Documents/Workspace/personal/OpenXmlPowerTools/DocumentAssembler/DocumentAssemblerSdk/Utilities/RevisionProcessor.cs(167,60): warning CS8604: Possible null reference argument for parameter 'node' in 'object? RevisionProcessor.RejectRevisionsForPartTransform(XNode node)'. [/Users/politom/Documents/Workspace/personal/OpenXmlPowerTools/DocumentAssembler/DocumentAssemblerSdk/DocumentAssemblerSdk.csproj]
/Users/politom/Documents/Workspace/personal/OpenXmlPowerTools/DocumentAssembler/DocumentAssemblerSdk/Utilities/RevisionProcessor.cs(175,38): warning CS8602: Dereference of a possibly null reference. [/Users/politom/Documents/Workspace/personal/OpenXmlPowerTools/DocumentAssembler/DocumentAssemblerSdk/DocumentAssemblerSdk.csproj]
/Users/politom/Documents/Workspace/personal/OpenXmlPowerTools/DocumentAssembler/DocumentAssemblerSdk/Utilities/RevisionProcessor.cs(176,60): warning CS8604: Possible null reference argument for parameter 'node' in 'object? RevisionProcessor.RejectRevisionsForPartTransform(XNode node)'. [/Users/politom/Documents/Workspace/personal/OpenXmlPowerTools/DocumentAssembler/DocumentAssemblerSdk/DocumentAssemblerSdk.csproj]
/Users/politom/Documents/Workspace/personal/OpenXmlPowerTools/DocumentAssembler/DocumentAssemblerSdk/Utilities/RevisionProcessor.cs(184,35): warning CS8602: Dereference of a possibly null reference. [/Users/politom/Documents/Workspace/personal/OpenXmlPowerTools/DocumentAssembler/DocumentAssemblerSdk/DocumentAssemblerSdk.csproj]
/Users/politom/Documents/Workspace/personal/OpenXmlPowerTools/DocumentAssembler/DocumentAssemblerSdk/Utilities/RevisionProcessor.cs(185,60): warning CS8604: Possible null reference argument for parameter 'node' in 'object? RevisionProcessor.RejectRevisionsForPartTransform(XNode node)'. [/Users/politom/Documents/Workspace/personal/OpenXmlPowerTools/DocumentAssembler/DocumentAssemblerSdk/DocumentAssemblerSdk.csproj]
/Users/politom/Documents/Workspace/personal/OpenXmlPowerTools/DocumentAssembler/DocumentAssemblerSdk/Utilities/RevisionProcessor.cs(212,61): warning CS8604: Possible null reference argument for parameter 'node' in 'object RevisionProcessor.RejectRevisionsForStylesTransform(XNode node)'. [/Users/politom/Documents/Workspace/personal/OpenXmlPowerTools/DocumentAssembler/DocumentAssemblerSdk/DocumentAssemblerSdk.csproj]
/Users/politom/Documents/Workspace/personal/OpenXmlPowerTools/DocumentAssembler/DocumentAssemblerSdk/Utilities/PtUtil.cs(156,56): warning CS8604: Possible null reference argument for parameter 'element' in 'void PtExtensions.InitializeSiblingsReverseDocumentOrder(XElement element)'. [/Users/politom/Documents/Workspace/personal/OpenXmlPowerTools/DocumentAssembler/DocumentAssemblerSdk/DocumentAssemblerSdk.csproj]
/Users/politom/Documents/Workspace/personal/OpenXmlPowerTools/DocumentAssembler/DocumentAssemblerSdk/Utilities/PtUtil.cs(162,39): warning CS8602: Dereference of a possibly null reference. [/Users/politom/Documents/Workspace/personal/OpenXmlPowerTools/DocumentAssembler/DocumentAssemblerSdk/DocumentAssemblerSdk.csproj]
/Users/politom/Documents/Workspace/personal/OpenXmlPowerTools/DocumentAssembler/DocumentAssemblerSdk/Utilities/RevisionProcessor.cs(224,35): warning CS8602: Dereference of a possibly null reference. [/Users/politom/Documents/Workspace/personal/OpenXmlPowerTools/DocumentAssembler/DocumentAssemblerSdk/DocumentAssemblerSdk.csproj]
/Users/politom/Documents/Workspace/personal/OpenXmlPowerTools/DocumentAssembler/DocumentAssemblerSdk/Utilities/RevisionProcessor.cs(225,62): warning CS8604: Possible null reference argument for parameter 'node' in 'object RevisionProcessor.RejectRevisionsForStylesTransform(XNode node)'. [/Users/politom/Documents/Workspace/personal/OpenXmlPowerTools/DocumentAssembler/DocumentAssemblerSdk/DocumentAssemblerSdk.csproj]
/Users/politom/Documents/Workspace/personal/OpenXmlPowerTools/DocumentAssembler/DocumentAssemblerSdk/Utilities/RevisionProcessor.cs(231,35): warning CS8602: Dereference of a possibly null reference. [/Users/politom/Documents/Workspace/personal/OpenXmlPowerTools/DocumentAssembler/DocumentAssemblerSdk/DocumentAssemblerSdk.csproj]
/Users/politom/Documents/Workspace/personal/OpenXmlPowerTools/DocumentAssembler/DocumentAssemblerSdk/Utilities/RevisionProcessor.cs(232,62): warning CS8604: Possible null reference argument for parameter 'node' in 'object RevisionProcessor.RejectRevisionsForStylesTransform(XNode node)'. [/Users/politom/Documents/Workspace/personal/OpenXmlPowerTools/DocumentAssembler/DocumentAssemblerSdk/DocumentAssemblerSdk.csproj]
/Users/politom/Documents/Workspace/personal/OpenXmlPowerTools/DocumentAssembler/DocumentAssemblerSdk/Utilities/RevisionProcessor.cs(244,37): warning CS8604: Possible null reference argument for parameter 'part' in 'void RevisionProcessor.ReverseRevisionsForPart(OpenXmlPart part)'. [/Users/politom/Documents/Workspace/personal/OpenXmlPowerTools/DocumentAssembler/DocumentAssemblerSdk/DocumentAssemblerSdk.csproj]
/Users/politom/Documents/Workspace/personal/OpenXmlPowerTools/DocumentAssembler/DocumentAssemblerSdk/Utilities/RevisionProcessor.cs(273,63): warning CS8604: Possible null reference argument for parameter 'node' in 'object RevisionProcessor.ReverseRevisionsTransform(XNode node, ReverseRevisionsInfo rri)'. [/Users/politom/Documents/Workspace/personal/OpenXmlPowerTools/DocumentAssembler/DocumentAssemblerSdk/DocumentAssemblerSdk.csproj]
/Users/politom/Documents/Workspace/personal/OpenXmlPowerTools/DocumentAssembler/DocumentAssemblerSdk/Utilities/OpenXmlRegex.cs(299,37): warning CS8604: Possible null reference argument for parameter 'runProperties' in 'List<XElement> UnicodeMapper.StringToCoalescedRunList(string textValue, XElement runProperties)'. [/Users/politom/Documents/Workspace/personal/OpenXmlPowerTools/DocumentAssembler/DocumentAssemblerSdk/DocumentAssemblerSdk.csproj]
/Users/politom/Documents/Workspace/personal/OpenXmlPowerTools/DocumentAssembler/DocumentAssemblerSdk/Utilities/OpenXmlRegex.cs(321,64): warning CS8602: Dereference of a possibly null reference. [/Users/politom/Documents/Workspace/personal/OpenXmlPowerTools/DocumentAssembler/DocumentAssemblerSdk/DocumentAssemblerSdk.csproj]
/Users/politom/Documents/Workspace/personal/OpenXmlPowerTools/DocumentAssembler/DocumentAssemblerSdk/Utilities/OpenXmlRegex.cs(379,33): warning CS8604: Possible null reference argument for parameter 'runProperties' in 'List<XElement> UnicodeMapper.StringToCoalescedRunList(string textValue, XElement runProperties)'. [/Users/politom/Documents/Workspace/personal/OpenXmlPowerTools/DocumentAssembler/DocumentAssemblerSdk/DocumentAssemblerSdk.csproj]
/Users/politom/Documents/Workspace/personal/OpenXmlPowerTools/DocumentAssembler/DocumentAssemblerSdk/Utilities/OpenXmlRegex.cs(514,42): warning CS8602: Dereference of a possibly null reference. [/Users/politom/Documents/Workspace/personal/OpenXmlPowerTools/DocumentAssembler/DocumentAssemblerSdk/DocumentAssemblerSdk.csproj]
/Users/politom/Documents/Workspace/personal/OpenXmlPowerTools/DocumentAssembler/DocumentAssemblerSdk/Utilities/OpenXmlRegex.cs(527,25): warning CS8602: Dereference of a possibly null reference. [/Users/politom/Documents/Workspace/personal/OpenXmlPowerTools/DocumentAssembler/DocumentAssemblerSdk/DocumentAssemblerSdk.csproj]
/Users/politom/Documents/Workspace/personal/OpenXmlPowerTools/DocumentAssembler/DocumentAssemblerSdk/Utilities/OpenXmlRegex.cs(598,59): warning CS8602: Dereference of a possibly null reference. [/Users/politom/Documents/Workspace/personal/OpenXmlPowerTools/DocumentAssembler/DocumentAssemblerSdk/DocumentAssemblerSdk.csproj]
/Users/politom/Documents/Workspace/personal/OpenXmlPowerTools/DocumentAssembler/DocumentAssemblerSdk/Utilities/RevisionProcessor.cs(385,71): warning CS8602: Dereference of a possibly null reference. [/Users/politom/Documents/Workspace/personal/OpenXmlPowerTools/DocumentAssembler/DocumentAssemblerSdk/DocumentAssemblerSdk.csproj]
/Users/politom/Documents/Workspace/personal/OpenXmlPowerTools/DocumentAssembler/DocumentAssemblerSdk/Utilities/RevisionProcessor.cs(472,21): warning CS8602: Dereference of a possibly null reference. [/Users/politom/Documents/Workspace/personal/OpenXmlPowerTools/DocumentAssembler/DocumentAssemblerSdk/DocumentAssemblerSdk.csproj]
/Users/politom/Documents/Workspace/personal/OpenXmlPowerTools/DocumentAssembler/DocumentAssemblerSdk/Utilities/RevisionProcessor.cs(481,21): warning CS8602: Dereference of a possibly null reference. [/Users/politom/Documents/Workspace/personal/OpenXmlPowerTools/DocumentAssembler/DocumentAssemblerSdk/DocumentAssemblerSdk.csproj]
/Users/politom/Documents/Workspace/personal/OpenXmlPowerTools/DocumentAssembler/DocumentAssemblerSdk/Utilities/RevisionProcessor.cs(482,21): warning CS8602: Dereference of a possibly null reference. [/Users/politom/Documents/Workspace/personal/OpenXmlPowerTools/DocumentAssembler/DocumentAssemblerSdk/DocumentAssemblerSdk.csproj]
/Users/politom/Documents/Workspace/personal/OpenXmlPowerTools/DocumentAssembler/DocumentAssemblerSdk/Utilities/RevisionProcessor.cs(490,21): warning CS8602: Dereference of a possibly null reference. [/Users/politom/Documents/Workspace/personal/OpenXmlPowerTools/DocumentAssembler/DocumentAssemblerSdk/DocumentAssemblerSdk.csproj]
/Users/politom/Documents/Workspace/personal/OpenXmlPowerTools/DocumentAssembler/DocumentAssemblerSdk/Utilities/RevisionProcessor.cs(491,21): warning CS8602: Dereference of a possibly null reference. [/Users/politom/Documents/Workspace/personal/OpenXmlPowerTools/DocumentAssembler/DocumentAssemblerSdk/DocumentAssemblerSdk.csproj]
/Users/politom/Documents/Workspace/personal/OpenXmlPowerTools/DocumentAssembler/DocumentAssemblerSdk/Utilities/RevisionProcessor.cs(499,21): warning CS8602: Dereference of a possibly null reference. [/Users/politom/Documents/Workspace/personal/OpenXmlPowerTools/DocumentAssembler/DocumentAssemblerSdk/DocumentAssemblerSdk.csproj]
/Users/politom/Documents/Workspace/personal/OpenXmlPowerTools/DocumentAssembler/DocumentAssemblerSdk/Utilities/RevisionProcessor.cs(508,21): warning CS8602: Dereference of a possibly null reference. [/Users/politom/Documents/Workspace/personal/OpenXmlPowerTools/DocumentAssembler/DocumentAssemblerSdk/DocumentAssemblerSdk.csproj]
/Users/politom/Documents/Workspace/personal/OpenXmlPowerTools/DocumentAssembler/DocumentAssemblerSdk/Utilities/RevisionProcessor.cs(516,21): warning CS8602: Dereference of a possibly null reference. [/Users/politom/Documents/Workspace/personal/OpenXmlPowerTools/DocumentAssembler/DocumentAssemblerSdk/DocumentAssemblerSdk.csproj]
/Users/politom/Documents/Workspace/personal/OpenXmlPowerTools/DocumentAssembler/DocumentAssemblerSdk/Utilities/RevisionProcessor.cs(524,21): warning CS8602: Dereference of a possibly null reference. [/Users/politom/Documents/Workspace/personal/OpenXmlPowerTools/DocumentAssembler/DocumentAssemblerSdk/DocumentAssemblerSdk.csproj]
/Users/politom/Documents/Workspace/personal/OpenXmlPowerTools/DocumentAssembler/DocumentAssemblerSdk/Utilities/RevisionProcessor.cs(533,21): warning CS8602: Dereference of a possibly null reference. [/Users/politom/Documents/Workspace/personal/OpenXmlPowerTools/DocumentAssembler/DocumentAssemblerSdk/DocumentAssemblerSdk.csproj]
/Users/politom/Documents/Workspace/personal/OpenXmlPowerTools/DocumentAssembler/DocumentAssemblerSdk/Utilities/RevisionProcessor.cs(687,36): warning CS8604: Possible null reference argument for parameter 'part' in 'void RevisionProcessor.AcceptRevisionsForPart(OpenXmlPart part)'. [/Users/politom/Documents/Workspace/personal/OpenXmlPowerTools/DocumentAssembler/DocumentAssemblerSdk/DocumentAssemblerSdk.csproj]
/Users/politom/Documents/Workspace/personal/OpenXmlPowerTools/DocumentAssembler/DocumentAssemblerSdk/Utilities/RevisionProcessor.cs(717,61): warning CS8604: Possible null reference argument for parameter 'node' in 'object? RevisionProcessor.AcceptRevisionsForStylesTransform(XNode node)'. [/Users/politom/Documents/Workspace/personal/OpenXmlPowerTools/DocumentAssembler/DocumentAssemblerSdk/DocumentAssemblerSdk.csproj]
/Users/politom/Documents/Workspace/personal/OpenXmlPowerTools/DocumentAssembler/DocumentAssemblerSdk/Utilities/RevisionProcessor.cs(741,51): warning CS8604: Possible null reference argument for parameter 'node' in 'object? RevisionProcessor.RemoveRsidTransform(XNode node)'. [/Users/politom/Documents/Workspace/personal/OpenXmlPowerTools/DocumentAssembler/DocumentAssemblerSdk/DocumentAssemblerSdk.csproj]
/Users/politom/Documents/Workspace/personal/OpenXmlPowerTools/DocumentAssembler/DocumentAssemblerSdk/Utilities/RevisionProcessor.cs(742,83): warning CS8604: Possible null reference argument for parameter 'node' in 'object RevisionProcessor.FixUpDeletedOrInsertedFieldCodesTransform(XNode node)'. [/Users/politom/Documents/Workspace/personal/OpenXmlPowerTools/DocumentAssembler/DocumentAssemblerSdk/DocumentAssemblerSdk.csproj]
/Users/politom/Documents/Workspace/personal/OpenXmlPowerTools/DocumentAssembler/DocumentAssemblerSdk/Utilities/RevisionProcessor.cs(747,83): warning CS8604: Possible null reference argument for parameter 'node' in 'object RevisionProcessor.AcceptParagraphEndTagsInMoveFromTransform(XNode node)'. [/Users/politom/Documents/Workspace/personal/OpenXmlPowerTools/DocumentAssembler/DocumentAssemblerSdk/DocumentAssemblerSdk.csproj]
/Users/politom/Documents/Workspace/personal/OpenXmlPowerTools/DocumentAssembler/DocumentAssemblerSdk/Utilities/RevisionProcessor.cs(989,21): warning CS8602: Dereference of a possibly null reference. [/Users/politom/Documents/Workspace/personal/OpenXmlPowerTools/DocumentAssembler/DocumentAssemblerSdk/DocumentAssemblerSdk.csproj]
/Users/politom/Documents/Workspace/personal/OpenXmlPowerTools/DocumentAssembler/DocumentAssemblerSdk/Utilities/RevisionProcessor.cs(991,30): warning CS8602: Dereference of a possibly null reference. [/Users/politom/Documents/Workspace/personal/OpenXmlPowerTools/DocumentAssembler/DocumentAssemblerSdk/DocumentAssemblerSdk.csproj]
/Users/politom/Documents/Workspace/personal/OpenXmlPowerTools/DocumentAssembler/DocumentAssemblerSdk/Utilities/RevisionProcessor.cs(997,30): warning CS8602: Dereference of a possibly null reference. [/Users/politom/Documents/Workspace/personal/OpenXmlPowerTools/DocumentAssembler/DocumentAssemblerSdk/DocumentAssemblerSdk.csproj]
/Users/politom/Documents/Workspace/personal/OpenXmlPowerTools/DocumentAssembler/DocumentAssemblerSdk/Utilities/RevisionProcessor.cs(1049,54): warning CS8604: Possible null reference argument for parameter 'node' in 'object? RevisionProcessor.AcceptMoveFromRangesTransform(XNode node, XElement[] elementsToDelete)'. [/Users/politom/Documents/Workspace/personal/OpenXmlPowerTools/DocumentAssembler/DocumentAssemblerSdk/DocumentAssemblerSdk.csproj]
/Users/politom/Documents/Workspace/personal/OpenXmlPowerTools/DocumentAssembler/DocumentAssemblerSdk/Utilities/RevisionProcessor.cs(1088,37): warning CS8602: Dereference of a possibly null reference. [/Users/politom/Documents/Workspace/personal/OpenXmlPowerTools/DocumentAssembler/DocumentAssemblerSdk/DocumentAssemblerSdk.csproj]
/Users/politom/Documents/Workspace/personal/OpenXmlPowerTools/DocumentAssembler/DocumentAssemblerSdk/Utilities/RevisionProcessor.cs(1235,21): warning CS8602: Dereference of a possibly null reference. [/Users/politom/Documents/Workspace/personal/OpenXmlPowerTools/DocumentAssembler/DocumentAssemblerSdk/DocumentAssemblerSdk.csproj]
/Users/politom/Documents/Workspace/personal/OpenXmlPowerTools/DocumentAssembler/DocumentAssemblerSdk/Utilities/RevisionProcessor.cs(1236,21): warning CS8600: Converting null literal or possible null value to non-nullable type. [/Users/politom/Documents/Workspace/personal/OpenXmlPowerTools/DocumentAssembler/DocumentAssemblerSdk/DocumentAssemblerSdk.csproj]
/Users/politom/Documents/Workspace/personal/OpenXmlPowerTools/DocumentAssembler/DocumentAssemblerSdk/Utilities/RevisionProcessor.cs(1243,21): warning CS8602: Dereference of a possibly null reference. [/Users/politom/Documents/Workspace/personal/OpenXmlPowerTools/DocumentAssembler/DocumentAssemblerSdk/DocumentAssemblerSdk.csproj]
/Users/politom/Documents/Workspace/personal/OpenXmlPowerTools/DocumentAssembler/DocumentAssemblerSdk/Utilities/RevisionProcessor.cs(1244,21): warning CS8600: Converting null literal or possible null value to non-nullable type. [/Users/politom/Documents/Workspace/personal/OpenXmlPowerTools/DocumentAssembler/DocumentAssemblerSdk/DocumentAssemblerSdk.csproj]
/Users/politom/Documents/Workspace/personal/OpenXmlPowerTools/DocumentAssembler/DocumentAssemblerSdk/Utilities/RevisionProcessor.cs(1323,42): warning CS8602: Dereference of a possibly null reference. [/Users/politom/Documents/Workspace/personal/OpenXmlPowerTools/DocumentAssembler/DocumentAssemblerSdk/DocumentAssemblerSdk.csproj]
/Users/politom/Documents/Workspace/personal/OpenXmlPowerTools/DocumentAssembler/DocumentAssemblerSdk/Utilities/RevisionProcessor.cs(1362,34): warning CS8603: Possible null reference return. [/Users/politom/Documents/Workspace/personal/OpenXmlPowerTools/DocumentAssembler/DocumentAssemblerSdk/DocumentAssemblerSdk.csproj]
/Users/politom/Documents/Workspace/personal/OpenXmlPowerTools/DocumentAssembler/DocumentAssemblerSdk/Utilities/RevisionProcessor.cs(1363,25): warning CS8602: Dereference of a possibly null reference. [/Users/politom/Documents/Workspace/personal/OpenXmlPowerTools/DocumentAssembler/DocumentAssemblerSdk/DocumentAssemblerSdk.csproj]
/Users/politom/Documents/Workspace/personal/OpenXmlPowerTools/DocumentAssembler/DocumentAssemblerSdk/Utilities/RevisionProcessor.cs(1400,35): warning CS8602: Dereference of a possibly null reference. [/Users/politom/Documents/Workspace/personal/OpenXmlPowerTools/DocumentAssembler/DocumentAssemblerSdk/DocumentAssemblerSdk.csproj]
/Users/politom/Documents/Workspace/personal/OpenXmlPowerTools/DocumentAssembler/DocumentAssemblerSdk/Utilities/RevisionProcessor.cs(1412,32): warning CS8602: Dereference of a possibly null reference. [/Users/politom/Documents/Workspace/personal/OpenXmlPowerTools/DocumentAssembler/DocumentAssemblerSdk/DocumentAssemblerSdk.csproj]
/Users/politom/Documents/Workspace/personal/OpenXmlPowerTools/DocumentAssembler/DocumentAssemblerSdk/Utilities/RevisionProcessor.cs(1414,36): warning CS8602: Dereference of a possibly null reference. [/Users/politom/Documents/Workspace/personal/OpenXmlPowerTools/DocumentAssembler/DocumentAssemblerSdk/DocumentAssemblerSdk.csproj]
/Users/politom/Documents/Workspace/personal/OpenXmlPowerTools/DocumentAssembler/DocumentAssemblerSdk/Utilities/RevisionProcessor.cs(1416,61): warning CS8602: Dereference of a possibly null reference. [/Users/politom/Documents/Workspace/personal/OpenXmlPowerTools/DocumentAssembler/DocumentAssemblerSdk/DocumentAssemblerSdk.csproj]
/Users/politom/Documents/Workspace/personal/OpenXmlPowerTools/DocumentAssembler/DocumentAssemblerSdk/Utilities/RevisionProcessor.cs(1424,30): warning CS8602: Dereference of a possibly null reference. [/Users/politom/Documents/Workspace/personal/OpenXmlPowerTools/DocumentAssembler/DocumentAssemblerSdk/DocumentAssemblerSdk.csproj]
/Users/politom/Documents/Workspace/personal/OpenXmlPowerTools/DocumentAssembler/DocumentAssemblerSdk/Utilities/RevisionProcessor.cs(1425,87): warning CS8602: Dereference of a possibly null reference. [/Users/politom/Documents/Workspace/personal/OpenXmlPowerTools/DocumentAssembler/DocumentAssemblerSdk/DocumentAssemblerSdk.csproj]
/Users/politom/Documents/Workspace/personal/OpenXmlPowerTools/DocumentAssembler/DocumentAssemblerSdk/Utilities/RevisionProcessor.cs(1428,98): warning CS8602: Dereference of a possibly null reference. [/Users/politom/Documents/Workspace/personal/OpenXmlPowerTools/DocumentAssembler/DocumentAssemblerSdk/DocumentAssemblerSdk.csproj]
/Users/politom/Documents/Workspace/personal/OpenXmlPowerTools/DocumentAssembler/DocumentAssemblerSdk/Utilities/RevisionProcessor.cs(1428,132): warning CS8602: Dereference of a possibly null reference. [/Users/politom/Documents/Workspace/personal/OpenXmlPowerTools/DocumentAssembler/DocumentAssemblerSdk/DocumentAssemblerSdk.csproj]
/Users/politom/Documents/Workspace/personal/OpenXmlPowerTools/DocumentAssembler/DocumentAssemblerSdk/Utilities/RevisionProcessor.cs(1459,30): warning CS8602: Dereference of a possibly null reference. [/Users/politom/Documents/Workspace/personal/OpenXmlPowerTools/DocumentAssembler/DocumentAssemblerSdk/DocumentAssemblerSdk.csproj]
/Users/politom/Documents/Workspace/personal/OpenXmlPowerTools/DocumentAssembler/DocumentAssemblerSdk/Utilities/RevisionProcessor.cs(1459,64): warning CS8602: Dereference of a possibly null reference. [/Users/politom/Documents/Workspace/personal/OpenXmlPowerTools/DocumentAssembler/DocumentAssemblerSdk/DocumentAssemblerSdk.csproj]
/Users/politom/Documents/Workspace/personal/OpenXmlPowerTools/DocumentAssembler/DocumentAssemblerSdk/Utilities/RevisionProcessor.cs(1464,30): warning CS8602: Dereference of a possibly null reference. [/Users/politom/Documents/Workspace/personal/OpenXmlPowerTools/DocumentAssembler/DocumentAssemblerSdk/DocumentAssemblerSdk.csproj]
/Users/politom/Documents/Workspace/personal/OpenXmlPowerTools/DocumentAssembler/DocumentAssemblerSdk/Utilities/RevisionProcessor.cs(1464,64): warning CS8602: Dereference of a possibly null reference. [/Users/politom/Documents/Workspace/personal/OpenXmlPowerTools/DocumentAssembler/DocumentAssemblerSdk/DocumentAssemblerSdk.csproj]
/Users/politom/Documents/Workspace/personal/OpenXmlPowerTools/DocumentAssembler/DocumentAssemblerSdk/Utilities/RevisionProcessor.cs(1544,39): warning CS8604: Possible null reference argument for parameter 'element' in 'void RevisionProcessor.AnnotateRunElementsWithId(XElement element)'. [/Users/politom/Documents/Workspace/personal/OpenXmlPowerTools/DocumentAssembler/DocumentAssemblerSdk/DocumentAssemblerSdk.csproj]
/Users/politom/Documents/Workspace/personal/OpenXmlPowerTools/DocumentAssembler/DocumentAssemblerSdk/Utilities/RevisionProcessor.cs(1584,29): warning CS8602: Dereference of a possibly null reference. [/Users/politom/Documents/Workspace/personal/OpenXmlPowerTools/DocumentAssembler/DocumentAssemblerSdk/DocumentAssemblerSdk.csproj]
/Users/politom/Documents/Workspace/personal/OpenXmlPowerTools/DocumentAssembler/DocumentAssemblerSdk/Utilities/RevisionProcessor.cs(1697,37): warning CS8602: Dereference of a possibly null reference. [/Users/politom/Documents/Workspace/personal/OpenXmlPowerTools/DocumentAssembler/DocumentAssemblerSdk/DocumentAssemblerSdk.csproj]
/Users/politom/Documents/Workspace/personal/OpenXmlPowerTools/DocumentAssembler/DocumentAssemblerSdk/Utilities/RevisionProcessor.cs(1698,78): warning CS8604: Possible null reference argument for parameter 'node' in 'object RevisionProcessor.CollapseParagraphTransform(XNode node)'. [/Users/politom/Documents/Workspace/personal/OpenXmlPowerTools/DocumentAssembler/DocumentAssemblerSdk/DocumentAssemblerSdk.csproj]
/Users/politom/Documents/Workspace/personal/OpenXmlPowerTools/DocumentAssembler/DocumentAssemblerSdk/Utilities/RevisionProcessor.cs(1704,37): warning CS8602: Dereference of a possibly null reference. [/Users/politom/Documents/Workspace/personal/OpenXmlPowerTools/DocumentAssembler/DocumentAssemblerSdk/DocumentAssemblerSdk.csproj]
/Users/politom/Documents/Workspace/personal/OpenXmlPowerTools/DocumentAssembler/DocumentAssemblerSdk/Utilities/RevisionProcessor.cs(1706,38): warning CS8602: Dereference of a possibly null reference. [/Users/politom/Documents/Workspace/personal/OpenXmlPowerTools/DocumentAssembler/DocumentAssemblerSdk/DocumentAssemblerSdk.csproj]
/Users/politom/Documents/Workspace/personal/OpenXmlPowerTools/DocumentAssembler/DocumentAssemblerSdk/Utilities/RevisionProcessor.cs(1717,63): warning CS8602: Dereference of a possibly null reference. [/Users/politom/Documents/Workspace/personal/OpenXmlPowerTools/DocumentAssembler/DocumentAssemblerSdk/DocumentAssemblerSdk.csproj]
/Users/politom/Documents/Workspace/personal/OpenXmlPowerTools/DocumentAssembler/DocumentAssemblerSdk/Utilities/RevisionProcessor.cs(1745,35): warning CS8604: Possible null reference argument for parameter 'source' in 'IEnumerable<XElement> Enumerable.Where<XElement>(IEnumerable<XElement> source, Func<XElement, bool> predicate)'. [/Users/politom/Documents/Workspace/personal/OpenXmlPowerTools/DocumentAssembler/DocumentAssemblerSdk/DocumentAssemblerSdk.csproj]
/Users/politom/Documents/Workspace/personal/OpenXmlPowerTools/DocumentAssembler/DocumentAssemblerSdk/Utilities/RevisionProcessor.cs(1848,32): warning CS8602: Dereference of a possibly null reference. [/Users/politom/Documents/Workspace/personal/OpenXmlPowerTools/DocumentAssembler/DocumentAssemblerSdk/DocumentAssemblerSdk.csproj]
/Users/politom/Documents/Workspace/personal/OpenXmlPowerTools/DocumentAssembler/DocumentAssemblerSdk/Utilities/RevisionProcessor.cs(1921,28): warning CS8602: Dereference of a possibly null reference. [/Users/politom/Documents/Workspace/personal/OpenXmlPowerTools/DocumentAssembler/DocumentAssemblerSdk/DocumentAssemblerSdk.csproj]
/Users/politom/Documents/Workspace/personal/OpenXmlPowerTools/DocumentAssembler/DocumentAssemblerSdk/Utilities/RevisionProcessor.cs(1958,21): warning CS8602: Dereference of a possibly null reference. [/Users/politom/Documents/Workspace/personal/OpenXmlPowerTools/DocumentAssembler/DocumentAssemblerSdk/DocumentAssemblerSdk.csproj]
/Users/politom/Documents/Workspace/personal/OpenXmlPowerTools/DocumentAssembler/DocumentAssemblerSdk/Utilities/RevisionProcessor.cs(1960,30): warning CS8602: Dereference of a possibly null reference. [/Users/politom/Documents/Workspace/personal/OpenXmlPowerTools/DocumentAssembler/DocumentAssemblerSdk/DocumentAssemblerSdk.csproj]
/Users/politom/Documents/Workspace/personal/OpenXmlPowerTools/DocumentAssembler/DocumentAssemblerSdk/Utilities/RevisionProcessor.cs(1966,30): warning CS8602: Dereference of a possibly null reference. [/Users/politom/Documents/Workspace/personal/OpenXmlPowerTools/DocumentAssembler/DocumentAssemblerSdk/DocumentAssemblerSdk.csproj]
/Users/politom/Documents/Workspace/personal/OpenXmlPowerTools/DocumentAssembler/DocumentAssemblerSdk/Utilities/RevisionProcessor.cs(1979,30): warning CS8602: Dereference of a possibly null reference. [/Users/politom/Documents/Workspace/personal/OpenXmlPowerTools/DocumentAssembler/DocumentAssemblerSdk/DocumentAssemblerSdk.csproj]
/Users/politom/Documents/Workspace/personal/OpenXmlPowerTools/DocumentAssembler/DocumentAssemblerSdk/Utilities/RevisionProcessor.cs(1985,30): warning CS8602: Dereference of a possibly null reference. [/Users/politom/Documents/Workspace/personal/OpenXmlPowerTools/DocumentAssembler/DocumentAssemblerSdk/DocumentAssemblerSdk.csproj]
/Users/politom/Documents/Workspace/personal/OpenXmlPowerTools/DocumentAssembler/DocumentAssemblerSdk/Utilities/RevisionProcessor.cs(2178,36): warning CS8619: Nullability of reference types in value of type '<anonymous type: RevisionProcessor.DeletedCellCollectionType CollectionType, XElement Disambiguator>' doesn't match target type '<anonymous type: RevisionProcessor.DeletedCellCollectionType CollectionType, XElement? Disambiguator>'. [/Users/politom/Documents/Workspace/personal/OpenXmlPowerTools/DocumentAssembler/DocumentAssemblerSdk/DocumentAssemblerSdk.csproj]
/Users/politom/Documents/Workspace/personal/OpenXmlPowerTools/DocumentAssembler/DocumentAssemblerSdk/Utilities/RevisionProcessor.cs(2201,38): warning CS8604: Possible null reference argument for parameter 'attribute' in 'XAttribute.explicit operator int(XAttribute attribute)'. [/Users/politom/Documents/Workspace/personal/OpenXmlPowerTools/DocumentAssembler/DocumentAssemblerSdk/DocumentAssemblerSdk.csproj]
/Users/politom/Documents/Workspace/personal/OpenXmlPowerTools/DocumentAssembler/DocumentAssemblerSdk/Utilities/RevisionProcessor.cs(2209,33): warning CS8602: Dereference of a possibly null reference. [/Users/politom/Documents/Workspace/personal/OpenXmlPowerTools/DocumentAssembler/DocumentAssemblerSdk/DocumentAssemblerSdk.csproj]
/Users/politom/Documents/Workspace/personal/OpenXmlPowerTools/DocumentAssembler/DocumentAssemblerSdk/Utilities/RevisionProcessor.cs(2233,20): warning CS8603: Possible null reference return. [/Users/politom/Documents/Workspace/personal/OpenXmlPowerTools/DocumentAssembler/DocumentAssemblerSdk/DocumentAssemblerSdk.csproj]
/Users/politom/Documents/Workspace/personal/OpenXmlPowerTools/DocumentAssembler/DocumentAssemblerSdk/Utilities/RevisionProcessor.cs(2316,41): warning CS8604: Possible null reference argument for parameter 'part' in 'bool RevisionProcessor.PartHasTrackedRevisions(OpenXmlPart part)'. [/Users/politom/Documents/Workspace/personal/OpenXmlPowerTools/DocumentAssembler/DocumentAssemblerSdk/DocumentAssemblerSdk.csproj]
/Users/politom/Documents/Workspace/personal/OpenXmlPowerTools/DocumentAssembler/DocumentAssemblerSdk/Utilities/PtOpenXmlUtil.cs(231,40): warning CS0414: The field 'WordprocessingMLUtil.KnownFamilies' is assigned but its value is never used [/Users/politom/Documents/Workspace/personal/OpenXmlPowerTools/DocumentAssembler/DocumentAssemblerSdk/DocumentAssemblerSdk.csproj]
  DocumentAssemblerSdk -> /Users/politom/Documents/Workspace/personal/OpenXmlPowerTools/DocumentAssembler/DocumentAssemblerSdk/bin/Debug/net8.0/DocumentAssemblerSdk.dll

Build succeeded.

/Users/politom/Documents/Workspace/personal/OpenXmlPowerTools/DocumentAssembler/DocumentAssemblerSdk/Utilities/RevisionProcessor.cs(2419,37): warning CS8604: Possible null reference argument for parameter 'contentContext' in 'void RevisionAccepterExtensions.InitializeParagraphInfo(XElement contentContext)'. [/Users/politom/Documents/Workspace/personal/OpenXmlPowerTools/DocumentAssembler/DocumentAssemblerSdk/DocumentAssemblerSdk.csproj]
/Users/politom/Documents/Workspace/personal/OpenXmlPowerTools/DocumentAssembler/DocumentAssemblerSdk/Utilities/RevisionProcessor.cs(2420,20): warning CS8603: Possible null reference return. [/Users/politom/Documents/Workspace/personal/OpenXmlPowerTools/DocumentAssembler/DocumentAssemblerSdk/DocumentAssemblerSdk.csproj]
/Users/politom/Documents/Workspace/personal/OpenXmlPowerTools/DocumentAssembler/DocumentAssemblerSdk/Utilities/UnicodeMapper.cs(288,37): warning CS8602: Dereference of a possibly null reference. [/Users/politom/Documents/Workspace/personal/OpenXmlPowerTools/DocumentAssembler/DocumentAssemblerSdk/DocumentAssemblerSdk.csproj]
/Users/politom/Documents/Workspace/personal/OpenXmlPowerTools/DocumentAssembler/DocumentAssemblerSdk/Utilities/UnicodeMapper.cs(290,66): warning CS8600: Converting null literal or possible null value to non-nullable type. [/Users/politom/Documents/Workspace/personal/OpenXmlPowerTools/DocumentAssembler/DocumentAssemblerSdk/DocumentAssemblerSdk.csproj]
/Users/politom/Documents/Workspace/personal/OpenXmlPowerTools/DocumentAssembler/DocumentAssemblerSdk/Utilities/UnicodeMapper.cs(290,45): warning CS8620: Argument of type 'IEnumerable<string?>' cannot be used for parameter 'source' of type 'IEnumerable<string>' in 'string PtExtensions.StringConcatenate(IEnumerable<string> source)' due to differences in the nullability of reference types. [/Users/politom/Documents/Workspace/personal/OpenXmlPowerTools/DocumentAssembler/DocumentAssemblerSdk/DocumentAssemblerSdk.csproj]
/Users/politom/Documents/Workspace/personal/OpenXmlPowerTools/DocumentAssembler/DocumentAssemblerSdk/Utilities/RevisionProcessor.cs(29,36): warning CS8604: Possible null reference argument for parameter 'part' in 'void RevisionProcessor.RejectRevisionsForPart(OpenXmlPart part)'. [/Users/politom/Documents/Workspace/personal/OpenXmlPowerTools/DocumentAssembler/DocumentAssemblerSdk/DocumentAssemblerSdk.csproj]
/Users/politom/Documents/Workspace/personal/OpenXmlPowerTools/DocumentAssembler/DocumentAssemblerSdk/Utilities/PtOpenXmlUtil.cs(305,46): warning CS8600: Converting null literal or possible null value to non-nullable type. [/Users/politom/Documents/Workspace/personal/OpenXmlPowerTools/DocumentAssembler/DocumentAssemblerSdk/DocumentAssemblerSdk.csproj]
/Users/politom/Documents/Workspace/personal/OpenXmlPowerTools/DocumentAssembler/DocumentAssemblerSdk/Utilities/PtOpenXmlUtil.cs(310,42): warning CS8600: Converting null literal or possible null value to non-nullable type. [/Users/politom/Documents/Workspace/personal/OpenXmlPowerTools/DocumentAssembler/DocumentAssemblerSdk/DocumentAssemblerSdk.csproj]
/Users/politom/Documents/Workspace/personal/OpenXmlPowerTools/DocumentAssembler/DocumentAssemblerSdk/Utilities/PtOpenXmlUtil.cs(332,46): warning CS8600: Converting null literal or possible null value to non-nullable type. [/Users/politom/Documents/Workspace/personal/OpenXmlPowerTools/DocumentAssembler/DocumentAssemblerSdk/DocumentAssemblerSdk.csproj]
/Users/politom/Documents/Workspace/personal/OpenXmlPowerTools/DocumentAssembler/DocumentAssemblerSdk/Utilities/RevisionProcessor.cs(87,59): warning CS8604: Possible null reference argument for parameter 'node' in 'object? RevisionProcessor.RejectRevisionsForPartTransform(XNode node)'. [/Users/politom/Documents/Workspace/personal/OpenXmlPowerTools/DocumentAssembler/DocumentAssemblerSdk/DocumentAssemblerSdk.csproj]
/Users/politom/Documents/Workspace/personal/OpenXmlPowerTools/DocumentAssembler/DocumentAssemblerSdk/Utilities/PtOpenXmlUtil.cs(453,42): warning CS8604: Possible null reference argument for parameter 'fileName' in 'WmlDocument.WmlDocument(string fileName, byte[] byteArray)'. [/Users/politom/Documents/Workspace/personal/OpenXmlPowerTools/DocumentAssembler/DocumentAssemblerSdk/DocumentAssemblerSdk.csproj]
/Users/politom/Documents/Workspace/personal/OpenXmlPowerTools/DocumentAssembler/DocumentAssemblerSdk/Utilities/PtOpenXmlUtil.cs(231,56): warning CS8625: Cannot convert null literal to non-nullable reference type. [/Users/politom/Documents/Workspace/personal/OpenXmlPowerTools/DocumentAssembler/DocumentAssemblerSdk/DocumentAssemblerSdk.csproj]
/Users/politom/Documents/Workspace/personal/OpenXmlPowerTools/DocumentAssembler/DocumentAssemblerSdk/Utilities/PtUtil.cs(115,26): warning CS8602: Dereference of a possibly null reference. [/Users/politom/Documents/Workspace/personal/OpenXmlPowerTools/DocumentAssembler/DocumentAssemblerSdk/DocumentAssemblerSdk.csproj]
/Users/politom/Documents/Workspace/personal/OpenXmlPowerTools/DocumentAssembler/DocumentAssemblerSdk/Utilities/PtUtil.cs(117,79): warning CS8604: Possible null reference argument for parameter 'key' in 'GroupOfAdjacent<TSource, TKey>.GroupOfAdjacent(List<TSource> source, TKey key)'. [/Users/politom/Documents/Workspace/personal/OpenXmlPowerTools/DocumentAssembler/DocumentAssemblerSdk/DocumentAssemblerSdk.csproj]
/Users/politom/Documents/Workspace/personal/OpenXmlPowerTools/DocumentAssembler/DocumentAssemblerSdk/Utilities/PtUtil.cs(137,71): warning CS8604: Possible null reference argument for parameter 'key' in 'GroupOfAdjacent<TSource, TKey>.GroupOfAdjacent(List<TSource> source, TKey key)'. [/Users/politom/Documents/Workspace/personal/OpenXmlPowerTools/DocumentAssembler/DocumentAssemblerSdk/DocumentAssemblerSdk.csproj]
/Users/politom/Documents/Workspace/personal/OpenXmlPowerTools/DocumentAssembler/DocumentAssemblerSdk/Utilities/PtUtil.cs(146,90): warning CS8601: Possible null reference assignment. [/Users/politom/Documents/Workspace/personal/OpenXmlPowerTools/DocumentAssembler/DocumentAssemblerSdk/DocumentAssemblerSdk.csproj]
/Users/politom/Documents/Workspace/personal/OpenXmlPowerTools/DocumentAssembler/DocumentAssemblerSdk/Utilities/RevisionProcessor.cs(108,31): warning CS8602: Dereference of a possibly null reference. [/Users/politom/Documents/Workspace/personal/OpenXmlPowerTools/DocumentAssembler/DocumentAssemblerSdk/DocumentAssemblerSdk.csproj]
/Users/politom/Documents/Workspace/personal/OpenXmlPowerTools/DocumentAssembler/DocumentAssemblerSdk/Utilities/RevisionProcessor.cs(115,65): warning CS8604: Possible null reference argument for parameter 'node' in 'object? RevisionProcessor.RejectRevisionsForPartTransform(XNode node)'. [/Users/politom/Documents/Workspace/personal/OpenXmlPowerTools/DocumentAssembler/DocumentAssemblerSdk/DocumentAssemblerSdk.csproj]
/Users/politom/Documents/Workspace/personal/OpenXmlPowerTools/DocumentAssembler/DocumentAssemblerSdk/Utilities/RevisionProcessor.cs(124,35): warning CS8602: Dereference of a possibly null reference. [/Users/politom/Documents/Workspace/personal/OpenXmlPowerTools/DocumentAssembler/DocumentAssemblerSdk/DocumentAssemblerSdk.csproj]
/Users/politom/Documents/Workspace/personal/OpenXmlPowerTools/DocumentAssembler/DocumentAssemblerSdk/Utilities/RevisionProcessor.cs(125,60): warning CS8604: Possible null reference argument for parameter 'node' in 'object? RevisionProcessor.RejectRevisionsForPartTransform(XNode node)'. [/Users/politom/Documents/Workspace/personal/OpenXmlPowerTools/DocumentAssembler/DocumentAssemblerSdk/DocumentAssemblerSdk.csproj]
/Users/politom/Documents/Workspace/personal/OpenXmlPowerTools/DocumentAssembler/DocumentAssemblerSdk/Utilities/RevisionProcessor.cs(140,37): warning CS8602: Dereference of a possibly null reference. [/Users/politom/Documents/Workspace/personal/OpenXmlPowerTools/DocumentAssembler/DocumentAssemblerSdk/DocumentAssemblerSdk.csproj]
/Users/politom/Documents/Workspace/personal/OpenXmlPowerTools/DocumentAssembler/DocumentAssemblerSdk/Utilities/RevisionProcessor.cs(141,60): warning CS8604: Possible null reference argument for parameter 'node' in 'object? RevisionProcessor.RejectRevisionsForPartTransform(XNode node)'. [/Users/politom/Documents/Workspace/personal/OpenXmlPowerTools/DocumentAssembler/DocumentAssemblerSdk/DocumentAssemblerSdk.csproj]
/Users/politom/Documents/Workspace/personal/OpenXmlPowerTools/DocumentAssembler/DocumentAssemblerSdk/Utilities/RevisionProcessor.cs(149,38): warning CS8602: Dereference of a possibly null reference. [/Users/politom/Documents/Workspace/personal/OpenXmlPowerTools/DocumentAssembler/DocumentAssemblerSdk/DocumentAssemblerSdk.csproj]
/Users/politom/Documents/Workspace/personal/OpenXmlPowerTools/DocumentAssembler/DocumentAssemblerSdk/Utilities/RevisionProcessor.cs(150,60): warning CS8604: Possible null reference argument for parameter 'node' in 'object? RevisionProcessor.RejectRevisionsForPartTransform(XNode node)'. [/Users/politom/Documents/Workspace/personal/OpenXmlPowerTools/DocumentAssembler/DocumentAssemblerSdk/DocumentAssemblerSdk.csproj]
/Users/politom/Documents/Workspace/personal/OpenXmlPowerTools/DocumentAssembler/DocumentAssemblerSdk/Utilities/RevisionProcessor.cs(158,35): warning CS8602: Dereference of a possibly null reference. [/Users/politom/Documents/Workspace/personal/OpenXmlPowerTools/DocumentAssembler/DocumentAssemblerSdk/DocumentAssemblerSdk.csproj]
/Users/politom/Documents/Workspace/personal/OpenXmlPowerTools/DocumentAssembler/DocumentAssemblerSdk/Utilities/RevisionProcessor.cs(159,60): warning CS8604: Possible null reference argument for parameter 'node' in 'object? RevisionProcessor.RejectRevisionsForPartTransform(XNode node)'. [/Users/politom/Documents/Workspace/personal/OpenXmlPowerTools/DocumentAssembler/DocumentAssemblerSdk/DocumentAssemblerSdk.csproj]
/Users/politom/Documents/Workspace/personal/OpenXmlPowerTools/DocumentAssembler/DocumentAssemblerSdk/Utilities/RevisionProcessor.cs(166,35): warning CS8602: Dereference of a possibly null reference. [/Users/politom/Documents/Workspace/personal/OpenXmlPowerTools/DocumentAssembler/DocumentAssemblerSdk/DocumentAssemblerSdk.csproj]
/Users/politom/Documents/Workspace/personal/OpenXmlPowerTools/DocumentAssembler/DocumentAssemblerSdk/Utilities/RevisionProcessor.cs(167,60): warning CS8604: Possible null reference argument for parameter 'node' in 'object? RevisionProcessor.RejectRevisionsForPartTransform(XNode node)'. [/Users/politom/Documents/Workspace/personal/OpenXmlPowerTools/DocumentAssembler/DocumentAssemblerSdk/DocumentAssemblerSdk.csproj]
/Users/politom/Documents/Workspace/personal/OpenXmlPowerTools/DocumentAssembler/DocumentAssemblerSdk/Utilities/RevisionProcessor.cs(175,38): warning CS8602: Dereference of a possibly null reference. [/Users/politom/Documents/Workspace/personal/OpenXmlPowerTools/DocumentAssembler/DocumentAssemblerSdk/DocumentAssemblerSdk.csproj]
/Users/politom/Documents/Workspace/personal/OpenXmlPowerTools/DocumentAssembler/DocumentAssemblerSdk/Utilities/RevisionProcessor.cs(176,60): warning CS8604: Possible null reference argument for parameter 'node' in 'object? RevisionProcessor.RejectRevisionsForPartTransform(XNode node)'. [/Users/politom/Documents/Workspace/personal/OpenXmlPowerTools/DocumentAssembler/DocumentAssemblerSdk/DocumentAssemblerSdk.csproj]
/Users/politom/Documents/Workspace/personal/OpenXmlPowerTools/DocumentAssembler/DocumentAssemblerSdk/Utilities/RevisionProcessor.cs(184,35): warning CS8602: Dereference of a possibly null reference. [/Users/politom/Documents/Workspace/personal/OpenXmlPowerTools/DocumentAssembler/DocumentAssemblerSdk/DocumentAssemblerSdk.csproj]
/Users/politom/Documents/Workspace/personal/OpenXmlPowerTools/DocumentAssembler/DocumentAssemblerSdk/Utilities/RevisionProcessor.cs(185,60): warning CS8604: Possible null reference argument for parameter 'node' in 'object? RevisionProcessor.RejectRevisionsForPartTransform(XNode node)'. [/Users/politom/Documents/Workspace/personal/OpenXmlPowerTools/DocumentAssembler/DocumentAssemblerSdk/DocumentAssemblerSdk.csproj]
/Users/politom/Documents/Workspace/personal/OpenXmlPowerTools/DocumentAssembler/DocumentAssemblerSdk/Utilities/RevisionProcessor.cs(212,61): warning CS8604: Possible null reference argument for parameter 'node' in 'object RevisionProcessor.RejectRevisionsForStylesTransform(XNode node)'. [/Users/politom/Documents/Workspace/personal/OpenXmlPowerTools/DocumentAssembler/DocumentAssemblerSdk/DocumentAssemblerSdk.csproj]
/Users/politom/Documents/Workspace/personal/OpenXmlPowerTools/DocumentAssembler/DocumentAssemblerSdk/Utilities/PtUtil.cs(156,56): warning CS8604: Possible null reference argument for parameter 'element' in 'void PtExtensions.InitializeSiblingsReverseDocumentOrder(XElement element)'. [/Users/politom/Documents/Workspace/personal/OpenXmlPowerTools/DocumentAssembler/DocumentAssemblerSdk/DocumentAssemblerSdk.csproj]
/Users/politom/Documents/Workspace/personal/OpenXmlPowerTools/DocumentAssembler/DocumentAssemblerSdk/Utilities/PtUtil.cs(162,39): warning CS8602: Dereference of a possibly null reference. [/Users/politom/Documents/Workspace/personal/OpenXmlPowerTools/DocumentAssembler/DocumentAssemblerSdk/DocumentAssemblerSdk.csproj]
/Users/politom/Documents/Workspace/personal/OpenXmlPowerTools/DocumentAssembler/DocumentAssemblerSdk/Utilities/RevisionProcessor.cs(224,35): warning CS8602: Dereference of a possibly null reference. [/Users/politom/Documents/Workspace/personal/OpenXmlPowerTools/DocumentAssembler/DocumentAssemblerSdk/DocumentAssemblerSdk.csproj]
/Users/politom/Documents/Workspace/personal/OpenXmlPowerTools/DocumentAssembler/DocumentAssemblerSdk/Utilities/RevisionProcessor.cs(225,62): warning CS8604: Possible null reference argument for parameter 'node' in 'object RevisionProcessor.RejectRevisionsForStylesTransform(XNode node)'. [/Users/politom/Documents/Workspace/personal/OpenXmlPowerTools/DocumentAssembler/DocumentAssemblerSdk/DocumentAssemblerSdk.csproj]
/Users/politom/Documents/Workspace/personal/OpenXmlPowerTools/DocumentAssembler/DocumentAssemblerSdk/Utilities/RevisionProcessor.cs(231,35): warning CS8602: Dereference of a possibly null reference. [/Users/politom/Documents/Workspace/personal/OpenXmlPowerTools/DocumentAssembler/DocumentAssemblerSdk/DocumentAssemblerSdk.csproj]
/Users/politom/Documents/Workspace/personal/OpenXmlPowerTools/DocumentAssembler/DocumentAssemblerSdk/Utilities/RevisionProcessor.cs(232,62): warning CS8604: Possible null reference argument for parameter 'node' in 'object RevisionProcessor.RejectRevisionsForStylesTransform(XNode node)'. [/Users/politom/Documents/Workspace/personal/OpenXmlPowerTools/DocumentAssembler/DocumentAssemblerSdk/DocumentAssemblerSdk.csproj]
/Users/politom/Documents/Workspace/personal/OpenXmlPowerTools/DocumentAssembler/DocumentAssemblerSdk/Utilities/RevisionProcessor.cs(244,37): warning CS8604: Possible null reference argument for parameter 'part' in 'void RevisionProcessor.ReverseRevisionsForPart(OpenXmlPart part)'. [/Users/politom/Documents/Workspace/personal/OpenXmlPowerTools/DocumentAssembler/DocumentAssemblerSdk/DocumentAssemblerSdk.csproj]
/Users/politom/Documents/Workspace/personal/OpenXmlPowerTools/DocumentAssembler/DocumentAssemblerSdk/Utilities/RevisionProcessor.cs(273,63): warning CS8604: Possible null reference argument for parameter 'node' in 'object RevisionProcessor.ReverseRevisionsTransform(XNode node, ReverseRevisionsInfo rri)'. [/Users/politom/Documents/Workspace/personal/OpenXmlPowerTools/DocumentAssembler/DocumentAssemblerSdk/DocumentAssemblerSdk.csproj]
/Users/politom/Documents/Workspace/personal/OpenXmlPowerTools/DocumentAssembler/DocumentAssemblerSdk/Utilities/OpenXmlRegex.cs(299,37): warning CS8604: Possible null reference argument for parameter 'runProperties' in 'List<XElement> UnicodeMapper.StringToCoalescedRunList(string textValue, XElement runProperties)'. [/Users/politom/Documents/Workspace/personal/OpenXmlPowerTools/DocumentAssembler/DocumentAssemblerSdk/DocumentAssemblerSdk.csproj]
/Users/politom/Documents/Workspace/personal/OpenXmlPowerTools/DocumentAssembler/DocumentAssemblerSdk/Utilities/OpenXmlRegex.cs(321,64): warning CS8602: Dereference of a possibly null reference. [/Users/politom/Documents/Workspace/personal/OpenXmlPowerTools/DocumentAssembler/DocumentAssemblerSdk/DocumentAssemblerSdk.csproj]
/Users/politom/Documents/Workspace/personal/OpenXmlPowerTools/DocumentAssembler/DocumentAssemblerSdk/Utilities/OpenXmlRegex.cs(379,33): warning CS8604: Possible null reference argument for parameter 'runProperties' in 'List<XElement> UnicodeMapper.StringToCoalescedRunList(string textValue, XElement runProperties)'. [/Users/politom/Documents/Workspace/personal/OpenXmlPowerTools/DocumentAssembler/DocumentAssemblerSdk/DocumentAssemblerSdk.csproj]
/Users/politom/Documents/Workspace/personal/OpenXmlPowerTools/DocumentAssembler/DocumentAssemblerSdk/Utilities/OpenXmlRegex.cs(514,42): warning CS8602: Dereference of a possibly null reference. [/Users/politom/Documents/Workspace/personal/OpenXmlPowerTools/DocumentAssembler/DocumentAssemblerSdk/DocumentAssemblerSdk.csproj]
/Users/politom/Documents/Workspace/personal/OpenXmlPowerTools/DocumentAssembler/DocumentAssemblerSdk/Utilities/OpenXmlRegex.cs(527,25): warning CS8602: Dereference of a possibly null reference. [/Users/politom/Documents/Workspace/personal/OpenXmlPowerTools/DocumentAssembler/DocumentAssemblerSdk/DocumentAssemblerSdk.csproj]
/Users/politom/Documents/Workspace/personal/OpenXmlPowerTools/DocumentAssembler/DocumentAssemblerSdk/Utilities/OpenXmlRegex.cs(598,59): warning CS8602: Dereference of a possibly null reference. [/Users/politom/Documents/Workspace/personal/OpenXmlPowerTools/DocumentAssembler/DocumentAssemblerSdk/DocumentAssemblerSdk.csproj]
/Users/politom/Documents/Workspace/personal/OpenXmlPowerTools/DocumentAssembler/DocumentAssemblerSdk/Utilities/RevisionProcessor.cs(385,71): warning CS8602: Dereference of a possibly null reference. [/Users/politom/Documents/Workspace/personal/OpenXmlPowerTools/DocumentAssembler/DocumentAssemblerSdk/DocumentAssemblerSdk.csproj]
/Users/politom/Documents/Workspace/personal/OpenXmlPowerTools/DocumentAssembler/DocumentAssemblerSdk/Utilities/RevisionProcessor.cs(472,21): warning CS8602: Dereference of a possibly null reference. [/Users/politom/Documents/Workspace/personal/OpenXmlPowerTools/DocumentAssembler/DocumentAssemblerSdk/DocumentAssemblerSdk.csproj]
/Users/politom/Documents/Workspace/personal/OpenXmlPowerTools/DocumentAssembler/DocumentAssemblerSdk/Utilities/RevisionProcessor.cs(481,21): warning CS8602: Dereference of a possibly null reference. [/Users/politom/Documents/Workspace/personal/OpenXmlPowerTools/DocumentAssembler/DocumentAssemblerSdk/DocumentAssemblerSdk.csproj]
/Users/politom/Documents/Workspace/personal/OpenXmlPowerTools/DocumentAssembler/DocumentAssemblerSdk/Utilities/RevisionProcessor.cs(482,21): warning CS8602: Dereference of a possibly null reference. [/Users/politom/Documents/Workspace/personal/OpenXmlPowerTools/DocumentAssembler/DocumentAssemblerSdk/DocumentAssemblerSdk.csproj]
/Users/politom/Documents/Workspace/personal/OpenXmlPowerTools/DocumentAssembler/DocumentAssemblerSdk/Utilities/RevisionProcessor.cs(490,21): warning CS8602: Dereference of a possibly null reference. [/Users/politom/Documents/Workspace/personal/OpenXmlPowerTools/DocumentAssembler/DocumentAssemblerSdk/DocumentAssemblerSdk.csproj]
/Users/politom/Documents/Workspace/personal/OpenXmlPowerTools/DocumentAssembler/DocumentAssemblerSdk/Utilities/RevisionProcessor.cs(491,21): warning CS8602: Dereference of a possibly null reference. [/Users/politom/Documents/Workspace/personal/OpenXmlPowerTools/DocumentAssembler/DocumentAssemblerSdk/DocumentAssemblerSdk.csproj]
/Users/politom/Documents/Workspace/personal/OpenXmlPowerTools/DocumentAssembler/DocumentAssemblerSdk/Utilities/RevisionProcessor.cs(499,21): warning CS8602: Dereference of a possibly null reference. [/Users/politom/Documents/Workspace/personal/OpenXmlPowerTools/DocumentAssembler/DocumentAssemblerSdk/DocumentAssemblerSdk.csproj]
/Users/politom/Documents/Workspace/personal/OpenXmlPowerTools/DocumentAssembler/DocumentAssemblerSdk/Utilities/RevisionProcessor.cs(508,21): warning CS8602: Dereference of a possibly null reference. [/Users/politom/Documents/Workspace/personal/OpenXmlPowerTools/DocumentAssembler/DocumentAssemblerSdk/DocumentAssemblerSdk.csproj]
/Users/politom/Documents/Workspace/personal/OpenXmlPowerTools/DocumentAssembler/DocumentAssemblerSdk/Utilities/RevisionProcessor.cs(516,21): warning CS8602: Dereference of a possibly null reference. [/Users/politom/Documents/Workspace/personal/OpenXmlPowerTools/DocumentAssembler/DocumentAssemblerSdk/DocumentAssemblerSdk.csproj]
/Users/politom/Documents/Workspace/personal/OpenXmlPowerTools/DocumentAssembler/DocumentAssemblerSdk/Utilities/RevisionProcessor.cs(524,21): warning CS8602: Dereference of a possibly null reference. [/Users/politom/Documents/Workspace/personal/OpenXmlPowerTools/DocumentAssembler/DocumentAssemblerSdk/DocumentAssemblerSdk.csproj]
/Users/politom/Documents/Workspace/personal/OpenXmlPowerTools/DocumentAssembler/DocumentAssemblerSdk/Utilities/RevisionProcessor.cs(533,21): warning CS8602: Dereference of a possibly null reference. [/Users/politom/Documents/Workspace/personal/OpenXmlPowerTools/DocumentAssembler/DocumentAssemblerSdk/DocumentAssemblerSdk.csproj]
/Users/politom/Documents/Workspace/personal/OpenXmlPowerTools/DocumentAssembler/DocumentAssemblerSdk/Utilities/RevisionProcessor.cs(687,36): warning CS8604: Possible null reference argument for parameter 'part' in 'void RevisionProcessor.AcceptRevisionsForPart(OpenXmlPart part)'. [/Users/politom/Documents/Workspace/personal/OpenXmlPowerTools/DocumentAssembler/DocumentAssemblerSdk/DocumentAssemblerSdk.csproj]
/Users/politom/Documents/Workspace/personal/OpenXmlPowerTools/DocumentAssembler/DocumentAssemblerSdk/Utilities/RevisionProcessor.cs(717,61): warning CS8604: Possible null reference argument for parameter 'node' in 'object? RevisionProcessor.AcceptRevisionsForStylesTransform(XNode node)'. [/Users/politom/Documents/Workspace/personal/OpenXmlPowerTools/DocumentAssembler/DocumentAssemblerSdk/DocumentAssemblerSdk.csproj]
/Users/politom/Documents/Workspace/personal/OpenXmlPowerTools/DocumentAssembler/DocumentAssemblerSdk/Utilities/RevisionProcessor.cs(741,51): warning CS8604: Possible null reference argument for parameter 'node' in 'object? RevisionProcessor.RemoveRsidTransform(XNode node)'. [/Users/politom/Documents/Workspace/personal/OpenXmlPowerTools/DocumentAssembler/DocumentAssemblerSdk/DocumentAssemblerSdk.csproj]
/Users/politom/Documents/Workspace/personal/OpenXmlPowerTools/DocumentAssembler/DocumentAssemblerSdk/Utilities/RevisionProcessor.cs(742,83): warning CS8604: Possible null reference argument for parameter 'node' in 'object RevisionProcessor.FixUpDeletedOrInsertedFieldCodesTransform(XNode node)'. [/Users/politom/Documents/Workspace/personal/OpenXmlPowerTools/DocumentAssembler/DocumentAssemblerSdk/DocumentAssemblerSdk.csproj]
/Users/politom/Documents/Workspace/personal/OpenXmlPowerTools/DocumentAssembler/DocumentAssemblerSdk/Utilities/RevisionProcessor.cs(747,83): warning CS8604: Possible null reference argument for parameter 'node' in 'object RevisionProcessor.AcceptParagraphEndTagsInMoveFromTransform(XNode node)'. [/Users/politom/Documents/Workspace/personal/OpenXmlPowerTools/DocumentAssembler/DocumentAssemblerSdk/DocumentAssemblerSdk.csproj]
/Users/politom/Documents/Workspace/personal/OpenXmlPowerTools/DocumentAssembler/DocumentAssemblerSdk/Utilities/RevisionProcessor.cs(989,21): warning CS8602: Dereference of a possibly null reference. [/Users/politom/Documents/Workspace/personal/OpenXmlPowerTools/DocumentAssembler/DocumentAssemblerSdk/DocumentAssemblerSdk.csproj]
/Users/politom/Documents/Workspace/personal/OpenXmlPowerTools/DocumentAssembler/DocumentAssemblerSdk/Utilities/RevisionProcessor.cs(991,30): warning CS8602: Dereference of a possibly null reference. [/Users/politom/Documents/Workspace/personal/OpenXmlPowerTools/DocumentAssembler/DocumentAssemblerSdk/DocumentAssemblerSdk.csproj]
/Users/politom/Documents/Workspace/personal/OpenXmlPowerTools/DocumentAssembler/DocumentAssemblerSdk/Utilities/RevisionProcessor.cs(997,30): warning CS8602: Dereference of a possibly null reference. [/Users/politom/Documents/Workspace/personal/OpenXmlPowerTools/DocumentAssembler/DocumentAssemblerSdk/DocumentAssemblerSdk.csproj]
/Users/politom/Documents/Workspace/personal/OpenXmlPowerTools/DocumentAssembler/DocumentAssemblerSdk/Utilities/RevisionProcessor.cs(1049,54): warning CS8604: Possible null reference argument for parameter 'node' in 'object? RevisionProcessor.AcceptMoveFromRangesTransform(XNode node, XElement[] elementsToDelete)'. [/Users/politom/Documents/Workspace/personal/OpenXmlPowerTools/DocumentAssembler/DocumentAssemblerSdk/DocumentAssemblerSdk.csproj]
/Users/politom/Documents/Workspace/personal/OpenXmlPowerTools/DocumentAssembler/DocumentAssemblerSdk/Utilities/RevisionProcessor.cs(1088,37): warning CS8602: Dereference of a possibly null reference. [/Users/politom/Documents/Workspace/personal/OpenXmlPowerTools/DocumentAssembler/DocumentAssemblerSdk/DocumentAssemblerSdk.csproj]
/Users/politom/Documents/Workspace/personal/OpenXmlPowerTools/DocumentAssembler/DocumentAssemblerSdk/Utilities/RevisionProcessor.cs(1235,21): warning CS8602: Dereference of a possibly null reference. [/Users/politom/Documents/Workspace/personal/OpenXmlPowerTools/DocumentAssembler/DocumentAssemblerSdk/DocumentAssemblerSdk.csproj]
/Users/politom/Documents/Workspace/personal/OpenXmlPowerTools/DocumentAssembler/DocumentAssemblerSdk/Utilities/RevisionProcessor.cs(1236,21): warning CS8600: Converting null literal or possible null value to non-nullable type. [/Users/politom/Documents/Workspace/personal/OpenXmlPowerTools/DocumentAssembler/DocumentAssemblerSdk/DocumentAssemblerSdk.csproj]
/Users/politom/Documents/Workspace/personal/OpenXmlPowerTools/DocumentAssembler/DocumentAssemblerSdk/Utilities/RevisionProcessor.cs(1243,21): warning CS8602: Dereference of a possibly null reference. [/Users/politom/Documents/Workspace/personal/OpenXmlPowerTools/DocumentAssembler/DocumentAssemblerSdk/DocumentAssemblerSdk.csproj]
/Users/politom/Documents/Workspace/personal/OpenXmlPowerTools/DocumentAssembler/DocumentAssemblerSdk/Utilities/RevisionProcessor.cs(1244,21): warning CS8600: Converting null literal or possible null value to non-nullable type. [/Users/politom/Documents/Workspace/personal/OpenXmlPowerTools/DocumentAssembler/DocumentAssemblerSdk/DocumentAssemblerSdk.csproj]
/Users/politom/Documents/Workspace/personal/OpenXmlPowerTools/DocumentAssembler/DocumentAssemblerSdk/Utilities/RevisionProcessor.cs(1323,42): warning CS8602: Dereference of a possibly null reference. [/Users/politom/Documents/Workspace/personal/OpenXmlPowerTools/DocumentAssembler/DocumentAssemblerSdk/DocumentAssemblerSdk.csproj]
/Users/politom/Documents/Workspace/personal/OpenXmlPowerTools/DocumentAssembler/DocumentAssemblerSdk/Utilities/RevisionProcessor.cs(1362,34): warning CS8603: Possible null reference return. [/Users/politom/Documents/Workspace/personal/OpenXmlPowerTools/DocumentAssembler/DocumentAssemblerSdk/DocumentAssemblerSdk.csproj]
/Users/politom/Documents/Workspace/personal/OpenXmlPowerTools/DocumentAssembler/DocumentAssemblerSdk/Utilities/RevisionProcessor.cs(1363,25): warning CS8602: Dereference of a possibly null reference. [/Users/politom/Documents/Workspace/personal/OpenXmlPowerTools/DocumentAssembler/DocumentAssemblerSdk/DocumentAssemblerSdk.csproj]
/Users/politom/Documents/Workspace/personal/OpenXmlPowerTools/DocumentAssembler/DocumentAssemblerSdk/Utilities/RevisionProcessor.cs(1400,35): warning CS8602: Dereference of a possibly null reference. [/Users/politom/Documents/Workspace/personal/OpenXmlPowerTools/DocumentAssembler/DocumentAssemblerSdk/DocumentAssemblerSdk.csproj]
/Users/politom/Documents/Workspace/personal/OpenXmlPowerTools/DocumentAssembler/DocumentAssemblerSdk/Utilities/RevisionProcessor.cs(1412,32): warning CS8602: Dereference of a possibly null reference. [/Users/politom/Documents/Workspace/personal/OpenXmlPowerTools/DocumentAssembler/DocumentAssemblerSdk/DocumentAssemblerSdk.csproj]
/Users/politom/Documents/Workspace/personal/OpenXmlPowerTools/DocumentAssembler/DocumentAssemblerSdk/Utilities/RevisionProcessor.cs(1414,36): warning CS8602: Dereference of a possibly null reference. [/Users/politom/Documents/Workspace/personal/OpenXmlPowerTools/DocumentAssembler/DocumentAssemblerSdk/DocumentAssemblerSdk.csproj]
/Users/politom/Documents/Workspace/personal/OpenXmlPowerTools/DocumentAssembler/DocumentAssemblerSdk/Utilities/RevisionProcessor.cs(1416,61): warning CS8602: Dereference of a possibly null reference. [/Users/politom/Documents/Workspace/personal/OpenXmlPowerTools/DocumentAssembler/DocumentAssemblerSdk/DocumentAssemblerSdk.csproj]
/Users/politom/Documents/Workspace/personal/OpenXmlPowerTools/DocumentAssembler/DocumentAssemblerSdk/Utilities/RevisionProcessor.cs(1424,30): warning CS8602: Dereference of a possibly null reference. [/Users/politom/Documents/Workspace/personal/OpenXmlPowerTools/DocumentAssembler/DocumentAssemblerSdk/DocumentAssemblerSdk.csproj]
/Users/politom/Documents/Workspace/personal/OpenXmlPowerTools/DocumentAssembler/DocumentAssemblerSdk/Utilities/RevisionProcessor.cs(1425,87): warning CS8602: Dereference of a possibly null reference. [/Users/politom/Documents/Workspace/personal/OpenXmlPowerTools/DocumentAssembler/DocumentAssemblerSdk/DocumentAssemblerSdk.csproj]
/Users/politom/Documents/Workspace/personal/OpenXmlPowerTools/DocumentAssembler/DocumentAssemblerSdk/Utilities/RevisionProcessor.cs(1428,98): warning CS8602: Dereference of a possibly null reference. [/Users/politom/Documents/Workspace/personal/OpenXmlPowerTools/DocumentAssembler/DocumentAssemblerSdk/DocumentAssemblerSdk.csproj]
/Users/politom/Documents/Workspace/personal/OpenXmlPowerTools/DocumentAssembler/DocumentAssemblerSdk/Utilities/RevisionProcessor.cs(1428,132): warning CS8602: Dereference of a possibly null reference. [/Users/politom/Documents/Workspace/personal/OpenXmlPowerTools/DocumentAssembler/DocumentAssemblerSdk/DocumentAssemblerSdk.csproj]
/Users/politom/Documents/Workspace/personal/OpenXmlPowerTools/DocumentAssembler/DocumentAssemblerSdk/Utilities/RevisionProcessor.cs(1459,30): warning CS8602: Dereference of a possibly null reference. [/Users/politom/Documents/Workspace/personal/OpenXmlPowerTools/DocumentAssembler/DocumentAssemblerSdk/DocumentAssemblerSdk.csproj]
/Users/politom/Documents/Workspace/personal/OpenXmlPowerTools/DocumentAssembler/DocumentAssemblerSdk/Utilities/RevisionProcessor.cs(1459,64): warning CS8602: Dereference of a possibly null reference. [/Users/politom/Documents/Workspace/personal/OpenXmlPowerTools/DocumentAssembler/DocumentAssemblerSdk/DocumentAssemblerSdk.csproj]
/Users/politom/Documents/Workspace/personal/OpenXmlPowerTools/DocumentAssembler/DocumentAssemblerSdk/Utilities/RevisionProcessor.cs(1464,30): warning CS8602: Dereference of a possibly null reference. [/Users/politom/Documents/Workspace/personal/OpenXmlPowerTools/DocumentAssembler/DocumentAssemblerSdk/DocumentAssemblerSdk.csproj]
/Users/politom/Documents/Workspace/personal/OpenXmlPowerTools/DocumentAssembler/DocumentAssemblerSdk/Utilities/RevisionProcessor.cs(1464,64): warning CS8602: Dereference of a possibly null reference. [/Users/politom/Documents/Workspace/personal/OpenXmlPowerTools/DocumentAssembler/DocumentAssemblerSdk/DocumentAssemblerSdk.csproj]
/Users/politom/Documents/Workspace/personal/OpenXmlPowerTools/DocumentAssembler/DocumentAssemblerSdk/Utilities/RevisionProcessor.cs(1544,39): warning CS8604: Possible null reference argument for parameter 'element' in 'void RevisionProcessor.AnnotateRunElementsWithId(XElement element)'. [/Users/politom/Documents/Workspace/personal/OpenXmlPowerTools/DocumentAssembler/DocumentAssemblerSdk/DocumentAssemblerSdk.csproj]
/Users/politom/Documents/Workspace/personal/OpenXmlPowerTools/DocumentAssembler/DocumentAssemblerSdk/Utilities/RevisionProcessor.cs(1584,29): warning CS8602: Dereference of a possibly null reference. [/Users/politom/Documents/Workspace/personal/OpenXmlPowerTools/DocumentAssembler/DocumentAssemblerSdk/DocumentAssemblerSdk.csproj]
/Users/politom/Documents/Workspace/personal/OpenXmlPowerTools/DocumentAssembler/DocumentAssemblerSdk/Utilities/RevisionProcessor.cs(1697,37): warning CS8602: Dereference of a possibly null reference. [/Users/politom/Documents/Workspace/personal/OpenXmlPowerTools/DocumentAssembler/DocumentAssemblerSdk/DocumentAssemblerSdk.csproj]
/Users/politom/Documents/Workspace/personal/OpenXmlPowerTools/DocumentAssembler/DocumentAssemblerSdk/Utilities/RevisionProcessor.cs(1698,78): warning CS8604: Possible null reference argument for parameter 'node' in 'object RevisionProcessor.CollapseParagraphTransform(XNode node)'. [/Users/politom/Documents/Workspace/personal/OpenXmlPowerTools/DocumentAssembler/DocumentAssemblerSdk/DocumentAssemblerSdk.csproj]
/Users/politom/Documents/Workspace/personal/OpenXmlPowerTools/DocumentAssembler/DocumentAssemblerSdk/Utilities/RevisionProcessor.cs(1704,37): warning CS8602: Dereference of a possibly null reference. [/Users/politom/Documents/Workspace/personal/OpenXmlPowerTools/DocumentAssembler/DocumentAssemblerSdk/DocumentAssemblerSdk.csproj]
/Users/politom/Documents/Workspace/personal/OpenXmlPowerTools/DocumentAssembler/DocumentAssemblerSdk/Utilities/RevisionProcessor.cs(1706,38): warning CS8602: Dereference of a possibly null reference. [/Users/politom/Documents/Workspace/personal/OpenXmlPowerTools/DocumentAssembler/DocumentAssemblerSdk/DocumentAssemblerSdk.csproj]
/Users/politom/Documents/Workspace/personal/OpenXmlPowerTools/DocumentAssembler/DocumentAssemblerSdk/Utilities/RevisionProcessor.cs(1717,63): warning CS8602: Dereference of a possibly null reference. [/Users/politom/Documents/Workspace/personal/OpenXmlPowerTools/DocumentAssembler/DocumentAssemblerSdk/DocumentAssemblerSdk.csproj]
/Users/politom/Documents/Workspace/personal/OpenXmlPowerTools/DocumentAssembler/DocumentAssemblerSdk/Utilities/RevisionProcessor.cs(1745,35): warning CS8604: Possible null reference argument for parameter 'source' in 'IEnumerable<XElement> Enumerable.Where<XElement>(IEnumerable<XElement> source, Func<XElement, bool> predicate)'. [/Users/politom/Documents/Workspace/personal/OpenXmlPowerTools/DocumentAssembler/DocumentAssemblerSdk/DocumentAssemblerSdk.csproj]
/Users/politom/Documents/Workspace/personal/OpenXmlPowerTools/DocumentAssembler/DocumentAssemblerSdk/Utilities/RevisionProcessor.cs(1848,32): warning CS8602: Dereference of a possibly null reference. [/Users/politom/Documents/Workspace/personal/OpenXmlPowerTools/DocumentAssembler/DocumentAssemblerSdk/DocumentAssemblerSdk.csproj]
/Users/politom/Documents/Workspace/personal/OpenXmlPowerTools/DocumentAssembler/DocumentAssemblerSdk/Utilities/RevisionProcessor.cs(1921,28): warning CS8602: Dereference of a possibly null reference. [/Users/politom/Documents/Workspace/personal/OpenXmlPowerTools/DocumentAssembler/DocumentAssemblerSdk/DocumentAssemblerSdk.csproj]
/Users/politom/Documents/Workspace/personal/OpenXmlPowerTools/DocumentAssembler/DocumentAssemblerSdk/Utilities/RevisionProcessor.cs(1958,21): warning CS8602: Dereference of a possibly null reference. [/Users/politom/Documents/Workspace/personal/OpenXmlPowerTools/DocumentAssembler/DocumentAssemblerSdk/DocumentAssemblerSdk.csproj]
/Users/politom/Documents/Workspace/personal/OpenXmlPowerTools/DocumentAssembler/DocumentAssemblerSdk/Utilities/RevisionProcessor.cs(1960,30): warning CS8602: Dereference of a possibly null reference. [/Users/politom/Documents/Workspace/personal/OpenXmlPowerTools/DocumentAssembler/DocumentAssemblerSdk/DocumentAssemblerSdk.csproj]
/Users/politom/Documents/Workspace/personal/OpenXmlPowerTools/DocumentAssembler/DocumentAssemblerSdk/Utilities/RevisionProcessor.cs(1966,30): warning CS8602: Dereference of a possibly null reference. [/Users/politom/Documents/Workspace/personal/OpenXmlPowerTools/DocumentAssembler/DocumentAssemblerSdk/DocumentAssemblerSdk.csproj]
/Users/politom/Documents/Workspace/personal/OpenXmlPowerTools/DocumentAssembler/DocumentAssemblerSdk/Utilities/RevisionProcessor.cs(1979,30): warning CS8602: Dereference of a possibly null reference. [/Users/politom/Documents/Workspace/personal/OpenXmlPowerTools/DocumentAssembler/DocumentAssemblerSdk/DocumentAssemblerSdk.csproj]
/Users/politom/Documents/Workspace/personal/OpenXmlPowerTools/DocumentAssembler/DocumentAssemblerSdk/Utilities/RevisionProcessor.cs(1985,30): warning CS8602: Dereference of a possibly null reference. [/Users/politom/Documents/Workspace/personal/OpenXmlPowerTools/DocumentAssembler/DocumentAssemblerSdk/DocumentAssemblerSdk.csproj]
/Users/politom/Documents/Workspace/personal/OpenXmlPowerTools/DocumentAssembler/DocumentAssemblerSdk/Utilities/RevisionProcessor.cs(2178,36): warning CS8619: Nullability of reference types in value of type '<anonymous type: RevisionProcessor.DeletedCellCollectionType CollectionType, XElement Disambiguator>' doesn't match target type '<anonymous type: RevisionProcessor.DeletedCellCollectionType CollectionType, XElement? Disambiguator>'. [/Users/politom/Documents/Workspace/personal/OpenXmlPowerTools/DocumentAssembler/DocumentAssemblerSdk/DocumentAssemblerSdk.csproj]
/Users/politom/Documents/Workspace/personal/OpenXmlPowerTools/DocumentAssembler/DocumentAssemblerSdk/Utilities/RevisionProcessor.cs(2201,38): warning CS8604: Possible null reference argument for parameter 'attribute' in 'XAttribute.explicit operator int(XAttribute attribute)'. [/Users/politom/Documents/Workspace/personal/OpenXmlPowerTools/DocumentAssembler/DocumentAssemblerSdk/DocumentAssemblerSdk.csproj]
/Users/politom/Documents/Workspace/personal/OpenXmlPowerTools/DocumentAssembler/DocumentAssemblerSdk/Utilities/RevisionProcessor.cs(2209,33): warning CS8602: Dereference of a possibly null reference. [/Users/politom/Documents/Workspace/personal/OpenXmlPowerTools/DocumentAssembler/DocumentAssemblerSdk/DocumentAssemblerSdk.csproj]
/Users/politom/Documents/Workspace/personal/OpenXmlPowerTools/DocumentAssembler/DocumentAssemblerSdk/Utilities/RevisionProcessor.cs(2233,20): warning CS8603: Possible null reference return. [/Users/politom/Documents/Workspace/personal/OpenXmlPowerTools/DocumentAssembler/DocumentAssemblerSdk/DocumentAssemblerSdk.csproj]
/Users/politom/Documents/Workspace/personal/OpenXmlPowerTools/DocumentAssembler/DocumentAssemblerSdk/Utilities/RevisionProcessor.cs(2316,41): warning CS8604: Possible null reference argument for parameter 'part' in 'bool RevisionProcessor.PartHasTrackedRevisions(OpenXmlPart part)'. [/Users/politom/Documents/Workspace/personal/OpenXmlPowerTools/DocumentAssembler/DocumentAssemblerSdk/DocumentAssemblerSdk.csproj]
/Users/politom/Documents/Workspace/personal/OpenXmlPowerTools/DocumentAssembler/DocumentAssemblerSdk/Utilities/PtOpenXmlUtil.cs(231,40): warning CS0414: The field 'WordprocessingMLUtil.KnownFamilies' is assigned but its value is never used [/Users/politom/Documents/Workspace/personal/OpenXmlPowerTools/DocumentAssembler/DocumentAssemblerSdk/DocumentAssemblerSdk.csproj]
    108 Warning(s)
    0 Error(s)

Time Elapsed 00:00:00.85
